node_modules/drizzle-orm/gel-core/columns/date-duration.d.ts(1,35): error TS2307: Cannot find module 'gel' or its corresponding type declarations.
node_modules/drizzle-orm/gel-core/columns/duration.d.ts(1,31): error TS2307: Cannot find module 'gel' or its corresponding type declarations.
node_modules/drizzle-orm/gel-core/columns/localdate.d.ts(1,32): error TS2307: Cannot find module 'gel' or its corresponding type declarations.
node_modules/drizzle-orm/gel-core/columns/localtime.d.ts(1,32): error TS2307: Cannot find module 'gel' or its corresponding type declarations.
node_modules/drizzle-orm/gel-core/columns/relative-duration.d.ts(1,39): error TS2307: Cannot find module 'gel' or its corresponding type declarations.
node_modules/drizzle-orm/gel-core/columns/timestamp.d.ts(1,36): error TS2307: Cannot find module 'gel' or its corresponding type declarations.
node_modules/drizzle-orm/gel-core/query-builders/query.d.ts(23,22): error TS2420: Class 'GelRelationalQuery<TResult>' incorrectly implements interface 'SQLWrapper'.
  Property 'getSQL' is missing in type 'GelRelationalQuery<TResult>' but required in type 'SQLWrapper'.
node_modules/drizzle-orm/gel-core/roles.d.ts(7,22): error TS2559: Type 'GelRole' has no properties in common with type 'GelRoleConfig'.
node_modules/drizzle-orm/mysql-core/db.d.ts(1,38): error TS2307: Cannot find module 'mysql2/promise' or its corresponding type declarations.
node_modules/drizzle-orm/mysql-core/query-builders/delete.d.ts(36,22): error TS2420: Class 'MySqlDeleteBase<TTable, TQueryResult, TPreparedQueryHKT, TDynamic, TExcludedMethods>' incorrectly implements interface 'SQLWrapper'.
  Property 'getSQL' is missing in type 'MySqlDeleteBase<TTable, TQueryResult, TPreparedQueryHKT, TDynamic, TExcludedMethods>' but required in type 'SQLWrapper'.
node_modules/drizzle-orm/mysql-core/query-builders/select.d.ts(294,244): error TS2344: Type 'string' does not satisfy the constraint 'keyof this & string'.
  Type 'string' is not assignable to type 'keyof this & string'.
    Type 'string' is not assignable to type 'keyof this'.
      Type '"session"' is not assignable to type '"offset" | "intersect" | "as" | "_" | "getSQL" | "union" | "except" | "for" | "where" | "orderBy" | "limit" | "leftJoin" | "rightJoin" | "innerJoin" | "toSQL" | "$dynamic" | "having" | ... 8 more ... | "$withCache"'.
node_modules/drizzle-orm/mysql-core/query-builders/select.d.ts(320,247): error TS2344: Type 'string' does not satisfy the constraint 'keyof this & string'.
  Type 'string' is not assignable to type 'keyof this & string'.
    Type 'string' is not assignable to type 'keyof this'.
      Type '"session"' is not assignable to type '"offset" | "intersect" | "as" | "_" | "getSQL" | "union" | "except" | "for" | "where" | "orderBy" | "limit" | "leftJoin" | "rightJoin" | "innerJoin" | "toSQL" | "$dynamic" | "having" | ... 8 more ... | "$withCache"'.
node_modules/drizzle-orm/mysql-core/query-builders/select.d.ts(346,248): error TS2344: Type 'string' does not satisfy the constraint 'keyof this & string'.
  Type 'string' is not assignable to type 'keyof this & string'.
    Type 'string' is not assignable to type 'keyof this'.
      Type '"session"' is not assignable to type '"offset" | "intersect" | "as" | "_" | "getSQL" | "union" | "except" | "for" | "where" | "orderBy" | "limit" | "leftJoin" | "rightJoin" | "innerJoin" | "toSQL" | "$dynamic" | "having" | ... 8 more ... | "$withCache"'.
node_modules/drizzle-orm/mysql-core/query-builders/select.d.ts(387,251): error TS2344: Type 'string' does not satisfy the constraint 'keyof this & string'.
  Type 'string' is not assignable to type 'keyof this & string'.
    Type 'string' is not assignable to type 'keyof this'.
      Type '"session"' is not assignable to type '"offset" | "intersect" | "as" | "_" | "getSQL" | "union" | "except" | "for" | "where" | "orderBy" | "limit" | "leftJoin" | "rightJoin" | "innerJoin" | "toSQL" | "$dynamic" | "having" | ... 8 more ... | "$withCache"'.
node_modules/drizzle-orm/mysql-core/query-builders/select.d.ts(413,245): error TS2344: Type 'string' does not satisfy the constraint 'keyof this & string'.
  Type 'string' is not assignable to type 'keyof this & string'.
    Type 'string' is not assignable to type 'keyof this'.
      Type '"session"' is not assignable to type '"offset" | "intersect" | "as" | "_" | "getSQL" | "union" | "except" | "for" | "where" | "orderBy" | "limit" | "leftJoin" | "rightJoin" | "innerJoin" | "toSQL" | "$dynamic" | "having" | ... 8 more ... | "$withCache"'.
node_modules/drizzle-orm/mysql-core/query-builders/select.d.ts(454,248): error TS2344: Type 'string' does not satisfy the constraint 'keyof this & string'.
  Type 'string' is not assignable to type 'keyof this & string'.
    Type 'string' is not assignable to type 'keyof this'.
      Type '"session"' is not assignable to type '"offset" | "intersect" | "as" | "_" | "getSQL" | "union" | "except" | "for" | "where" | "orderBy" | "limit" | "leftJoin" | "rightJoin" | "innerJoin" | "toSQL" | "$dynamic" | "having" | ... 8 more ... | "$withCache"'.
node_modules/drizzle-orm/mysql-core/query-builders/select.d.ts(611,22): error TS2515: Non-abstract class 'MySqlSelectBase<TTableName, TSelection, TSelectMode, TPreparedQueryHKT, TNullabilityMap, TDynamic, TExcludedMethods, TResult, TSelectedFields>' does not implement inherited abstract member getSQL from class 'MySqlSelectQueryBuilderBase<MySqlSelectHKT, TTableName, TSelection, TSelectMode, TPreparedQueryHKT, TNullabilityMap, TDynamic, TExcludedMethods, TResult, TSelectedFields>'.
node_modules/drizzle-orm/mysql-core/query-builders/select.types.d.ts(138,1149): error TS2344: Type 'MySqlSetOperatorExcludedMethods' does not satisfy the constraint '"offset" | "intersect" | "as" | "execute" | "_" | "getSQL" | "union" | "except" | "for" | "where" | "orderBy" | "limit" | "leftJoin" | "rightJoin" | "innerJoin" | "toSQL" | "prepare" | ... 14 more ... | "iterator"'.
  Type '"session"' is not assignable to type '"offset" | "intersect" | "as" | "execute" | "_" | "getSQL" | "union" | "except" | "for" | "where" | "orderBy" | "limit" | "leftJoin" | "rightJoin" | "innerJoin" | "toSQL" | "prepare" | ... 14 more ... | "iterator"'.
node_modules/drizzle-orm/pg-core/query-builders/query.d.ts(23,22): error TS2420: Class 'PgRelationalQuery<TResult>' incorrectly implements interface 'SQLWrapper'.
  Property 'getSQL' is missing in type 'PgRelationalQuery<TResult>' but required in type 'SQLWrapper'.
node_modules/drizzle-orm/pg-core/roles.d.ts(7,22): error TS2559: Type 'PgRole' has no properties in common with type 'PgRoleConfig'.
node_modules/drizzle-orm/singlestore-core/columns/bigint.d.ts(13,22): error TS2515: Non-abstract class 'SingleStoreBigInt53Builder<T>' does not implement inherited abstract member generatedAlwaysAs from class 'SingleStoreColumnBuilderWithAutoIncrement<T, { unsigned: boolean; }, ColumnBuilderExtraConfig>'.
node_modules/drizzle-orm/singlestore-core/columns/bigint.d.ts(35,22): error TS2515: Non-abstract class 'SingleStoreBigInt64Builder<T>' does not implement inherited abstract member generatedAlwaysAs from class 'SingleStoreColumnBuilderWithAutoIncrement<T, { unsigned: boolean; }, ColumnBuilderExtraConfig>'.
node_modules/drizzle-orm/singlestore-core/columns/binary.d.ts(14,22): error TS2515: Non-abstract class 'SingleStoreBinaryBuilder<T>' does not implement inherited abstract member generatedAlwaysAs from class 'SingleStoreColumnBuilder<T, SingleStoreBinaryConfig, object, ColumnBuilderExtraConfig>'.
node_modules/drizzle-orm/singlestore-core/columns/boolean.d.ts(14,22): error TS2515: Non-abstract class 'SingleStoreBooleanBuilder<T>' does not implement inherited abstract member generatedAlwaysAs from class 'SingleStoreColumnBuilder<T, object, object, ColumnBuilderExtraConfig>'.
node_modules/drizzle-orm/singlestore-core/columns/char.d.ts(16,22): error TS2515: Non-abstract class 'SingleStoreCharBuilder<T>' does not implement inherited abstract member generatedAlwaysAs from class 'SingleStoreColumnBuilder<T, SingleStoreCharConfig<T["enumValues"], T["length"]>, { length: T["length"]; }, ColumnBuilderExtraConfig>'.
node_modules/drizzle-orm/singlestore-core/columns/custom.d.ts(24,22): error TS2515: Non-abstract class 'SingleStoreCustomColumnBuilder<T>' does not implement inherited abstract member generatedAlwaysAs from class 'SingleStoreColumnBuilder<T, { fieldConfig: Record<string, any>; customTypeParams: CustomTypeParams<any>; }, { singlestoreColumnBuilderBrand: "SingleStoreCustomColumnBuilderBrand"; }, ColumnBuilderExtraConfig>'.
node_modules/drizzle-orm/singlestore-core/columns/date.d.ts(16,22): error TS2515: Non-abstract class 'SingleStoreDateBuilder<T>' does not implement inherited abstract member generatedAlwaysAs from class 'SingleStoreColumnBuilder<T, object, object, ColumnBuilderExtraConfig>'.
node_modules/drizzle-orm/singlestore-core/columns/date.d.ts(37,22): error TS2515: Non-abstract class 'SingleStoreDateStringBuilder<T>' does not implement inherited abstract member generatedAlwaysAs from class 'SingleStoreColumnBuilder<T, object, object, ColumnBuilderExtraConfig>'.
node_modules/drizzle-orm/singlestore-core/columns/datetime.d.ts(16,22): error TS2515: Non-abstract class 'SingleStoreDateTimeBuilder<T>' does not implement inherited abstract member generatedAlwaysAs from class 'SingleStoreColumnBuilder<T, SingleStoreDatetimeConfig<"string" | "date">, object, ColumnBuilderExtraConfig>'.
node_modules/drizzle-orm/singlestore-core/columns/datetime.d.ts(38,22): error TS2515: Non-abstract class 'SingleStoreDateTimeStringBuilder<T>' does not implement inherited abstract member generatedAlwaysAs from class 'SingleStoreColumnBuilder<T, SingleStoreDatetimeConfig<"string" | "date">, object, ColumnBuilderExtraConfig>'.
node_modules/drizzle-orm/singlestore-core/columns/decimal.d.ts(15,22): error TS2515: Non-abstract class 'SingleStoreDecimalBuilder<T>' does not implement inherited abstract member generatedAlwaysAs from class 'SingleStoreColumnBuilderWithAutoIncrement<T, SingleStoreDecimalConfig<"string" | "number" | "bigint">, ColumnBuilderExtraConfig>'.
node_modules/drizzle-orm/singlestore-core/columns/decimal.d.ts(36,22): error TS2515: Non-abstract class 'SingleStoreDecimalNumberBuilder<T>' does not implement inherited abstract member generatedAlwaysAs from class 'SingleStoreColumnBuilderWithAutoIncrement<T, SingleStoreDecimalConfig<"string" | "number" | "bigint">, ColumnBuilderExtraConfig>'.
node_modules/drizzle-orm/singlestore-core/columns/decimal.d.ts(58,22): error TS2515: Non-abstract class 'SingleStoreDecimalBigIntBuilder<T>' does not implement inherited abstract member generatedAlwaysAs from class 'SingleStoreColumnBuilderWithAutoIncrement<T, SingleStoreDecimalConfig<"string" | "number" | "bigint">, ColumnBuilderExtraConfig>'.
node_modules/drizzle-orm/singlestore-core/columns/double.d.ts(14,22): error TS2515: Non-abstract class 'SingleStoreDoubleBuilder<T>' does not implement inherited abstract member generatedAlwaysAs from class 'SingleStoreColumnBuilderWithAutoIncrement<T, SingleStoreDoubleConfig, ColumnBuilderExtraConfig>'.
node_modules/drizzle-orm/singlestore-core/columns/enum.d.ts(19,5): error TS2416: Property 'generatedAlwaysAs' in type 'SingleStoreEnumColumnBuilder<T>' is not assignable to the same property in base type 'SingleStoreColumnBuilder<T, { enumValues: T["enumValues"]; }, object, ColumnBuilderExtraConfig>'.
  Type '(as: SQL<unknown> | (() => SQL<unknown>) | T["data"], config?: Partial<GeneratedColumnConfig<unknown>>) => HasGenerated<this, {}>' is not assignable to type '(as: SQL<unknown> | (() => SQL<unknown>) | T["data"], config?: Partial<GeneratedColumnConfig<unknown>>) => HasGenerated<this, { type: "always"; }>'.
    Type 'HasGenerated<this, {}>' is not assignable to type 'HasGenerated<this, { type: "always"; }>'.
      Type 'HasGenerated<this, {}>' is not assignable to type '{ _: { hasDefault: true; generated: { type: "always"; }; }; }'.
        The types of '_.generated' are incompatible between these types.
          Property 'type' is missing in type '{}' but required in type '{ type: "always"; }'.
node_modules/drizzle-orm/singlestore-core/columns/float.d.ts(14,22): error TS2515: Non-abstract class 'SingleStoreFloatBuilder<T>' does not implement inherited abstract member generatedAlwaysAs from class 'SingleStoreColumnBuilderWithAutoIncrement<T, SingleStoreFloatConfig, ColumnBuilderExtraConfig>'.
node_modules/drizzle-orm/singlestore-core/columns/int.d.ts(14,22): error TS2515: Non-abstract class 'SingleStoreIntBuilder<T>' does not implement inherited abstract member generatedAlwaysAs from class 'SingleStoreColumnBuilderWithAutoIncrement<T, SingleStoreIntConfig, ColumnBuilderExtraConfig>'.
node_modules/drizzle-orm/singlestore-core/columns/json.d.ts(14,22): error TS2515: Non-abstract class 'SingleStoreJsonBuilder<T>' does not implement inherited abstract member generatedAlwaysAs from class 'SingleStoreColumnBuilder<T, object, object, ColumnBuilderExtraConfig>'.
node_modules/drizzle-orm/singlestore-core/columns/mediumint.d.ts(15,22): error TS2515: Non-abstract class 'SingleStoreMediumIntBuilder<T>' does not implement inherited abstract member generatedAlwaysAs from class 'SingleStoreColumnBuilderWithAutoIncrement<T, SingleStoreIntConfig, ColumnBuilderExtraConfig>'.
node_modules/drizzle-orm/singlestore-core/columns/real.d.ts(14,22): error TS2515: Non-abstract class 'SingleStoreRealBuilder<T>' does not implement inherited abstract member generatedAlwaysAs from class 'SingleStoreColumnBuilderWithAutoIncrement<T, SingleStoreRealConfig, ColumnBuilderExtraConfig>'.
node_modules/drizzle-orm/singlestore-core/columns/serial.d.ts(14,22): error TS2515: Non-abstract class 'SingleStoreSerialBuilder<T>' does not implement inherited abstract member generatedAlwaysAs from class 'SingleStoreColumnBuilderWithAutoIncrement<T, object, ColumnBuilderExtraConfig>'.
node_modules/drizzle-orm/singlestore-core/columns/smallint.d.ts(15,22): error TS2515: Non-abstract class 'SingleStoreSmallIntBuilder<T>' does not implement inherited abstract member generatedAlwaysAs from class 'SingleStoreColumnBuilderWithAutoIncrement<T, SingleStoreIntConfig, ColumnBuilderExtraConfig>'.
node_modules/drizzle-orm/singlestore-core/columns/text.d.ts(16,22): error TS2515: Non-abstract class 'SingleStoreTextBuilder<T>' does not implement inherited abstract member generatedAlwaysAs from class 'SingleStoreColumnBuilder<T, { textType: SingleStoreTextColumnType; enumValues: T["enumValues"]; }, object, ColumnBuilderExtraConfig>'.
node_modules/drizzle-orm/singlestore-core/columns/time.d.ts(14,22): error TS2515: Non-abstract class 'SingleStoreTimeBuilder<T>' does not implement inherited abstract member generatedAlwaysAs from class 'SingleStoreColumnBuilder<T, object, object, ColumnBuilderExtraConfig>'.
node_modules/drizzle-orm/singlestore-core/columns/timestamp.d.ts(15,22): error TS2515: Non-abstract class 'SingleStoreTimestampBuilder<T>' does not implement inherited abstract member generatedAlwaysAs from class 'SingleStoreDateColumnBaseBuilder<T, SingleStoreTimestampConfig<"string" | "date">, ColumnBuilderExtraConfig>'.
node_modules/drizzle-orm/singlestore-core/columns/timestamp.d.ts(35,22): error TS2515: Non-abstract class 'SingleStoreTimestampStringBuilder<T>' does not implement inherited abstract member generatedAlwaysAs from class 'SingleStoreDateColumnBaseBuilder<T, SingleStoreTimestampConfig<"string" | "date">, ColumnBuilderExtraConfig>'.
node_modules/drizzle-orm/singlestore-core/columns/tinyint.d.ts(15,22): error TS2515: Non-abstract class 'SingleStoreTinyIntBuilder<T>' does not implement inherited abstract member generatedAlwaysAs from class 'SingleStoreColumnBuilderWithAutoIncrement<T, SingleStoreIntConfig, ColumnBuilderExtraConfig>'.
node_modules/drizzle-orm/singlestore-core/columns/varbinary.d.ts(14,22): error TS2515: Non-abstract class 'SingleStoreVarBinaryBuilder<T>' does not implement inherited abstract member generatedAlwaysAs from class 'SingleStoreColumnBuilder<T, SingleStoreVarbinaryOptions, object, ColumnBuilderExtraConfig>'.
node_modules/drizzle-orm/singlestore-core/columns/varchar.d.ts(16,22): error TS2515: Non-abstract class 'SingleStoreVarCharBuilder<T>' does not implement inherited abstract member generatedAlwaysAs from class 'SingleStoreColumnBuilder<T, SingleStoreVarCharConfig<T["enumValues"], T["length"]>, { length: T["length"]; }, ColumnBuilderExtraConfig>'.
node_modules/drizzle-orm/singlestore-core/columns/vector.d.ts(13,22): error TS2515: Non-abstract class 'SingleStoreVectorBuilder<T>' does not implement inherited abstract member generatedAlwaysAs from class 'SingleStoreColumnBuilder<T, SingleStoreVectorConfig, object, ColumnBuilderExtraConfig>'.
node_modules/drizzle-orm/singlestore-core/columns/year.d.ts(14,22): error TS2515: Non-abstract class 'SingleStoreYearBuilder<T>' does not implement inherited abstract member generatedAlwaysAs from class 'SingleStoreColumnBuilder<T, object, object, ColumnBuilderExtraConfig>'.
node_modules/drizzle-orm/singlestore-core/db.d.ts(1,38): error TS2307: Cannot find module 'mysql2/promise' or its corresponding type declarations.
node_modules/drizzle-orm/singlestore-core/query-builders/delete.d.ts(36,22): error TS2420: Class 'SingleStoreDeleteBase<TTable, TQueryResult, TPreparedQueryHKT, TDynamic, TExcludedMethods>' incorrectly implements interface 'SQLWrapper'.
  Property 'getSQL' is missing in type 'SingleStoreDeleteBase<TTable, TQueryResult, TPreparedQueryHKT, TDynamic, TExcludedMethods>' but required in type 'SQLWrapper'.
node_modules/drizzle-orm/singlestore-core/query-builders/select.d.ts(268,262): error TS2344: Type 'string' does not satisfy the constraint 'keyof this & string'.
  Type 'string' is not assignable to type 'keyof this & string'.
    Type 'string' is not assignable to type 'keyof this'.
      Type '"session"' is not assignable to type '"offset" | "intersect" | "as" | "_" | "getSQL" | "union" | "except" | "for" | "where" | "orderBy" | "limit" | "leftJoin" | "rightJoin" | "innerJoin" | "fullJoin" | "toSQL" | "$dynamic" | ... 7 more ... | "minus"'.
node_modules/drizzle-orm/singlestore-core/query-builders/select.d.ts(294,265): error TS2344: Type 'string' does not satisfy the constraint 'keyof this & string'.
  Type 'string' is not assignable to type 'keyof this & string'.
    Type 'string' is not assignable to type 'keyof this'.
      Type '"session"' is not assignable to type '"offset" | "intersect" | "as" | "_" | "getSQL" | "union" | "except" | "for" | "where" | "orderBy" | "limit" | "leftJoin" | "rightJoin" | "innerJoin" | "fullJoin" | "toSQL" | "$dynamic" | ... 7 more ... | "minus"'.
node_modules/drizzle-orm/singlestore-core/query-builders/select.d.ts(320,266): error TS2344: Type 'string' does not satisfy the constraint 'keyof this & string'.
  Type 'string' is not assignable to type 'keyof this & string'.
    Type 'string' is not assignable to type 'keyof this'.
      Type '"session"' is not assignable to type '"offset" | "intersect" | "as" | "_" | "getSQL" | "union" | "except" | "for" | "where" | "orderBy" | "limit" | "leftJoin" | "rightJoin" | "innerJoin" | "fullJoin" | "toSQL" | "$dynamic" | ... 7 more ... | "minus"'.
node_modules/drizzle-orm/singlestore-core/query-builders/select.d.ts(346,263): error TS2344: Type 'string' does not satisfy the constraint 'keyof this & string'.
  Type 'string' is not assignable to type 'keyof this & string'.
    Type 'string' is not assignable to type 'keyof this'.
      Type '"session"' is not assignable to type '"offset" | "intersect" | "as" | "_" | "getSQL" | "union" | "except" | "for" | "where" | "orderBy" | "limit" | "leftJoin" | "rightJoin" | "innerJoin" | "fullJoin" | "toSQL" | "$dynamic" | ... 7 more ... | "minus"'.
node_modules/drizzle-orm/singlestore-core/query-builders/select.d.ts(370,262): error TS2344: Type 'string' does not satisfy the constraint 'keyof this & string'.
  Type 'string' is not assignable to type 'keyof this & string'.
    Type 'string' is not assignable to type 'keyof this'.
      Type '"session"' is not assignable to type '"offset" | "intersect" | "as" | "_" | "getSQL" | "union" | "except" | "for" | "where" | "orderBy" | "limit" | "leftJoin" | "rightJoin" | "innerJoin" | "fullJoin" | "toSQL" | "$dynamic" | ... 7 more ... | "minus"'.
node_modules/drizzle-orm/singlestore-core/query-builders/select.d.ts(520,22): error TS2515: Non-abstract class 'SingleStoreSelectBase<TTableName, TSelection, TSelectMode, TPreparedQueryHKT, TNullabilityMap, TDynamic, TExcludedMethods, TResult, TSelectedFields>' does not implement inherited abstract member getSQL from class 'SingleStoreSelectQueryBuilderBase<SingleStoreSelectHKT, TTableName, TSelection, TSelectMode, TPreparedQueryHKT, TNullabilityMap, TDynamic, TExcludedMethods, TResult, TSelectedFields>'.
node_modules/drizzle-orm/singlestore-core/query-builders/select.types.d.ts(130,1185): error TS2344: Type 'SingleStoreSetOperatorExcludedMethods' does not satisfy the constraint '"offset" | "intersect" | "as" | "execute" | "_" | "getSQL" | "union" | "except" | "for" | "where" | "orderBy" | "limit" | "leftJoin" | "rightJoin" | "innerJoin" | "fullJoin" | "toSQL" | ... 14 more ... | "minus"'.
  Type '"session"' is not assignable to type '"offset" | "intersect" | "as" | "execute" | "_" | "getSQL" | "union" | "except" | "for" | "where" | "orderBy" | "limit" | "leftJoin" | "rightJoin" | "innerJoin" | "fullJoin" | "toSQL" | ... 14 more ... | "minus"'.
node_modules/drizzle-orm/singlestore/driver.d.ts(1,100): error TS2307: Cannot find module 'mysql2' or its corresponding type declarations.
node_modules/drizzle-orm/singlestore/driver.d.ts(2,39): error TS2307: Cannot find module 'mysql2/promise' or its corresponding type declarations.
node_modules/drizzle-orm/singlestore/session.d.ts(1,94): error TS2307: Cannot find module 'mysql2/promise' or its corresponding type declarations.
node_modules/drizzle-orm/sqlite-core/query-builders/query.d.ts(25,22): error TS2420: Class 'SQLiteRelationalQuery<TType, TResult>' incorrectly implements interface 'SQLWrapper'.
  Property 'getSQL' is missing in type 'SQLiteRelationalQuery<TType, TResult>' but required in type 'SQLWrapper'.
node_modules/drizzle-orm/sqlite-core/query-builders/select.d.ts(233,247): error TS2344: Type 'string' does not satisfy the constraint 'keyof this & string'.
  Type 'string' is not assignable to type 'keyof this & string'.
    Type 'string' is not assignable to type 'keyof this'.
      Type '"config"' is not assignable to type '"offset" | "intersect" | "as" | "_" | "getSQL" | "union" | "except" | "where" | "orderBy" | "limit" | "leftJoin" | "rightJoin" | "innerJoin" | "fullJoin" | "toSQL" | "$dynamic" | "having" | "groupBy" | "crossJoin" | "unionAll"'.
node_modules/drizzle-orm/sqlite-core/query-builders/select.d.ts(259,250): error TS2344: Type 'string' does not satisfy the constraint 'keyof this & string'.
  Type 'string' is not assignable to type 'keyof this & string'.
    Type 'string' is not assignable to type 'keyof this'.
      Type '"config"' is not assignable to type '"offset" | "intersect" | "as" | "_" | "getSQL" | "union" | "except" | "where" | "orderBy" | "limit" | "leftJoin" | "rightJoin" | "innerJoin" | "fullJoin" | "toSQL" | "$dynamic" | "having" | "groupBy" | "crossJoin" | "unionAll"'.
node_modules/drizzle-orm/sqlite-core/query-builders/select.d.ts(285,251): error TS2344: Type 'string' does not satisfy the constraint 'keyof this & string'.
  Type 'string' is not assignable to type 'keyof this & string'.
    Type 'string' is not assignable to type 'keyof this'.
      Type '"config"' is not assignable to type '"offset" | "intersect" | "as" | "_" | "getSQL" | "union" | "except" | "where" | "orderBy" | "limit" | "leftJoin" | "rightJoin" | "innerJoin" | "fullJoin" | "toSQL" | "$dynamic" | "having" | "groupBy" | "crossJoin" | "unionAll"'.
node_modules/drizzle-orm/sqlite-core/query-builders/select.d.ts(311,248): error TS2344: Type 'string' does not satisfy the constraint 'keyof this & string'.
  Type 'string' is not assignable to type 'keyof this & string'.
    Type 'string' is not assignable to type 'keyof this'.
      Type '"config"' is not assignable to type '"offset" | "intersect" | "as" | "_" | "getSQL" | "union" | "except" | "where" | "orderBy" | "limit" | "leftJoin" | "rightJoin" | "innerJoin" | "fullJoin" | "toSQL" | "$dynamic" | "having" | "groupBy" | "crossJoin" | "unionAll"'.
node_modules/drizzle-orm/sqlite-core/query-builders/select.d.ts(452,22): error TS2515: Non-abstract class 'SQLiteSelectBase<TTableName, TResultType, TRunResult, TSelection, TSelectMode, TNullabilityMap, TDynamic, TExcludedMethods, TResult, TSelectedFields>' does not implement inherited abstract member getSQL from class 'SQLiteSelectQueryBuilderBase<SQLiteSelectHKT, TTableName, TResultType, TRunResult, TSelection, TSelectMode, TNullabilityMap, TDynamic, TExcludedMethods, TResult, TSelectedFields>'.
node_modules/drizzle-orm/sqlite-core/query-builders/select.types.d.ts(123,1157): error TS2344: Type 'SQLiteSetOperatorExcludedMethods' does not satisfy the constraint '"values" | "all" | "offset" | "intersect" | "as" | "execute" | "_" | "getSQL" | "union" | "except" | "where" | "orderBy" | "limit" | "leftJoin" | "rightJoin" | "innerJoin" | "fullJoin" | ... 12 more ... | "get"'.
  Type '"config"' is not assignable to type '"values" | "all" | "offset" | "intersect" | "as" | "execute" | "_" | "getSQL" | "union" | "except" | "where" | "orderBy" | "limit" | "leftJoin" | "rightJoin" | "innerJoin" | "fullJoin" | ... 12 more ... | "get"'.
node_modules/next/dist/build/templates/app-page.d.ts(3,25): error TS2307: Cannot find module 'VAR_MODULE_GLOBAL_ERROR' or its corresponding type declarations.
node_modules/next/dist/build/webpack-config.d.ts(10,104): error TS2694: Namespace '"C:/Programming/React/Opinion Onboard/node_modules/next/dist/compiled/webpack/webpack".webpack' has no exported member 'RuleSetUseItem'.
node_modules/next/dist/build/webpack/loaders/next-app-loader/index.d.ts(1,13): error TS2613: Module '"C:/Programming/React/Opinion Onboard/node_modules/next/dist/compiled/webpack/webpack"' has no default export. Did you mean to use 'import { webpack } from "C:/Programming/React/Opinion Onboard/node_modules/next/dist/compiled/webpack/webpack"' instead?
node_modules/next/dist/client/components/error-boundary.d.ts(1,8): error TS1259: Module '"C:/Programming/React/Opinion Onboard/node_modules/@types/react/index"' can only be default-imported using the 'esModuleInterop' flag
node_modules/next/dist/client/components/http-access-fallback/error-boundary.d.ts(11,8): error TS1259: Module '"C:/Programming/React/Opinion Onboard/node_modules/@types/react/index"' can only be default-imported using the 'esModuleInterop' flag
node_modules/next/dist/client/components/layout-router.d.ts(2,8): error TS1259: Module '"C:/Programming/React/Opinion Onboard/node_modules/@types/react/index"' can only be default-imported using the 'esModuleInterop' flag
node_modules/next/dist/client/link.d.ts(1,8): error TS1259: Module '"C:/Programming/React/Opinion Onboard/node_modules/@types/react/index"' can only be default-imported using the 'esModuleInterop' flag
node_modules/next/dist/client/with-router.d.ts(1,8): error TS1259: Module '"C:/Programming/React/Opinion Onboard/node_modules/@types/react/index"' can only be default-imported using the 'esModuleInterop' flag
node_modules/next/dist/lib/metadata/metadata.d.ts(1,8): error TS1259: Module '"C:/Programming/React/Opinion Onboard/node_modules/@types/react/index"' can only be default-imported using the 'esModuleInterop' flag
node_modules/next/dist/next-devtools/userspace/pages/pages-dev-overlay-setup.d.ts(1,8): error TS1259: Module '"C:/Programming/React/Opinion Onboard/node_modules/@types/react/index"' can only be default-imported using the 'esModuleInterop' flag
node_modules/next/dist/server/app-render/entry-base.d.ts(1,114): error TS2307: Cannot find module 'react-server-dom-webpack/server' or its corresponding type declarations.
node_modules/next/dist/server/app-render/entry-base.d.ts(2,27): error TS2307: Cannot find module 'react-server-dom-webpack/static' or its corresponding type declarations.
node_modules/next/dist/server/web/spec-extension/adapters/headers.d.ts(39,16): error TS2304: Cannot find name 'HeadersIterator'.
node_modules/next/dist/server/web/spec-extension/adapters/headers.d.ts(40,13): error TS2304: Cannot find name 'HeadersIterator'.
node_modules/next/dist/server/web/spec-extension/adapters/headers.d.ts(41,15): error TS2304: Cannot find name 'HeadersIterator'.
node_modules/next/dist/server/web/spec-extension/adapters/headers.d.ts(42,26): error TS2304: Cannot find name 'HeadersIterator'.
node_modules/next/dist/shared/lib/app-router-context.shared-runtime.d.ts(4,8): error TS1259: Module '"C:/Programming/React/Opinion Onboard/node_modules/@types/react/index"' can only be default-imported using the 'esModuleInterop' flag
node_modules/next/dist/shared/lib/app-router-types.d.ts(7,13): error TS1259: Module '"C:/Programming/React/Opinion Onboard/node_modules/@types/react/index"' can only be default-imported using the 'esModuleInterop' flag
node_modules/next/dist/shared/lib/head-manager-context.shared-runtime.d.ts(1,8): error TS1259: Module '"C:/Programming/React/Opinion Onboard/node_modules/@types/react/index"' can only be default-imported using the 'esModuleInterop' flag
node_modules/next/dist/shared/lib/image-config-context.shared-runtime.d.ts(1,8): error TS1259: Module '"C:/Programming/React/Opinion Onboard/node_modules/@types/react/index"' can only be default-imported using the 'esModuleInterop' flag
node_modules/next/dist/shared/lib/loadable-context.shared-runtime.d.ts(1,8): error TS1259: Module '"C:/Programming/React/Opinion Onboard/node_modules/@types/react/index"' can only be default-imported using the 'esModuleInterop' flag
node_modules/next/dist/shared/lib/loadable.shared-runtime.d.ts(21,8): error TS1259: Module '"C:/Programming/React/Opinion Onboard/node_modules/@types/react/index"' can only be default-imported using the 'esModuleInterop' flag
node_modules/next/dist/shared/lib/router-context.shared-runtime.d.ts(1,8): error TS1259: Module '"C:/Programming/React/Opinion Onboard/node_modules/@types/react/index"' can only be default-imported using the 'esModuleInterop' flag
node_modules/next/dist/shared/lib/server-inserted-html.shared-runtime.d.ts(1,8): error TS1259: Module '"C:/Programming/React/Opinion Onboard/node_modules/@types/react/index"' can only be default-imported using the 'esModuleInterop' flag
node_modules/next/dist/shared/lib/utils.d.ts(10,13): error TS1192: Module '"fs"' has no default export.
src/app/(public)/page.tsx(3,30): error TS2307: Cannot find module '@/components/ui/CategoryCard' or its corresponding type declarations.
src/app/(public)/page.tsx(4,29): error TS2307: Cannot find module '@/components/ui/OpinionCard' or its corresponding type declarations.
src/app/(public)/page.tsx(5,20): error TS2307: Cannot find module '@/db' or its corresponding type declarations.
src/app/(public)/page.tsx(6,38): error TS2307: Cannot find module '@/db/schema' or its corresponding type declarations.
src/app/(public)/page.tsx(9,38): error TS2307: Cannot find module '@/components/home/RecentOpinionsClient' or its corresponding type declarations.
src/app/(public)/page.tsx(10,22): error TS2307: Cannot find module '@/auth' or its corresponding type declarations.
src/app/(public)/page.tsx(69,9): error TS17004: Cannot use JSX unless the '--jsx' flag is provided.
src/app/(public)/page.tsx(71,13): error TS17004: Cannot use JSX unless the '--jsx' flag is provided.
src/app/(public)/page.tsx(72,17): error TS17004: Cannot use JSX unless the '--jsx' flag is provided.
src/app/(public)/page.tsx(73,21): error TS17004: Cannot use JSX unless the '--jsx' flag is provided.
src/app/(public)/page.tsx(76,21): error TS17004: Cannot use JSX unless the '--jsx' flag is provided.
src/app/(public)/page.tsx(79,21): error TS17004: Cannot use JSX unless the '--jsx' flag is provided.
src/app/(public)/page.tsx(80,25): error TS17004: Cannot use JSX unless the '--jsx' flag is provided.
src/app/(public)/page.tsx(85,29): error TS17004: Cannot use JSX unless the '--jsx' flag is provided.
src/app/(public)/page.tsx(87,25): error TS17004: Cannot use JSX unless the '--jsx' flag is provided.
src/app/(public)/page.tsx(98,13): error TS17004: Cannot use JSX unless the '--jsx' flag is provided.
src/app/(public)/page.tsx(99,17): error TS17004: Cannot use JSX unless the '--jsx' flag is provided.
src/app/(public)/page.tsx(100,21): error TS17004: Cannot use JSX unless the '--jsx' flag is provided.
src/app/(public)/page.tsx(101,21): error TS17004: Cannot use JSX unless the '--jsx' flag is provided.
src/app/(public)/page.tsx(102,34): error TS17004: Cannot use JSX unless the '--jsx' flag is provided.
src/app/(public)/page.tsx(105,17): error TS17004: Cannot use JSX unless the '--jsx' flag is provided.
src/app/(public)/page.tsx(107,25): error TS17004: Cannot use JSX unless the '--jsx' flag is provided.
src/app/(public)/page.tsx(113,13): error TS17004: Cannot use JSX unless the '--jsx' flag is provided.
src/app/(public)/page.tsx(114,17): error TS17004: Cannot use JSX unless the '--jsx' flag is provided.
src/app/(public)/page.tsx(115,21): error TS17004: Cannot use JSX unless the '--jsx' flag is provided.
src/app/(public)/page.tsx(117,21): error TS17004: Cannot use JSX unless the '--jsx' flag is provided.
src/app/(public)/page.tsx(119,21): error TS17004: Cannot use JSX unless the '--jsx' flag is provided.
src/app/(public)/page.tsx(120,25): error TS17004: Cannot use JSX unless the '--jsx' flag is provided.
